   Compiling pulp-board-logic v0.1.0 (/tmp/wifi-budget-mutant-3ygyadrh/board-logic)
    Finished `test` profile [unoptimized + debuginfo] target(s) in 0.58s
     Running tests/wifi_budget.rs (/tmp/wifi-budget-mutant-3ygyadrh/board-logic/target/aarch64-apple-darwin/debug/build/pulp-board-logic/235cf78bc7bdb207/out/wifi_budget-235cf78bc7bdb207)

running 9 tests
test wifi_variant_main_heap_is_52_kib ... ok
test wifi_main_heap_is_smaller_and_granule_aligned ... ok
test wifi_stack_headroom_meets_the_minimum ... ok
test offline_budget_is_unchanged ... ok
test wifi_statics_with_shrunk_heap_fit_the_static_budget ... ok
test internal_heap_is_main_plus_reclaimed_for_both_variants ... ok
test offline_budget_accepts_internal_reservations_above_wifi_ceiling ... ok
test wifi_without_heap_shrink_would_exceed_the_static_budget ... ok
test build_budget_enforces_aggregate_internal_capacity_across_classes ... FAILED

failures:

---- build_budget_enforces_aggregate_internal_capacity_across_classes stdout ----

thread 'build_budget_enforces_aggregate_internal_capacity_across_classes' (2603301) panicked at tests/wifi_budget.rs:141:13:
wifi true, status NotInitialised: reject beyond aggregate pool
note: run with `RUST_BACKTRACE=1` environment variable to display a backtrace


failures:
    build_budget_enforces_aggregate_internal_capacity_across_classes

test result: FAILED. 8 passed; 1 failed; 0 ignored; 0 measured; 0 filtered out; finished in 0.00s

error: test failed, to rerun pass `--test wifi_budget`
